org\nachc\tools\fhirtoomop\util\mapping\impl\cache\StandardConceptCacheIntegrationTest.class
org\nachc\tools\fhirtoomop\tools\download\patient\download\FhirPatientDownloaderSyntheaTest.class
org\nachc\tools\fhirtoomop\omop\write\threaded\WriteOmopPeopleToDatabaseWorkerIntegrationTest.class
org\nachc\tools\fhirtoomop\tools\populate\PopulateOmopInstanceFromSyntheaFilesSyntheaTest.class
org\nachc\tools\fhirtoomop\tools\download\authenticate\FhirServerAuthenticatorSyntheaTest.class
org\nachc\tools\fhirtoomop\fhir\parser\condition\ConditionParserIntegrationTest.class
org\nachc\tools\fhirtoomop\omop\person\factory\builder\condition\OmopConditionBuilderIntegrationTest.class
org\nachc\tools\fhirtoomop\tools\build\impl\MoveRaceEthFilesIntegrationTest.class
org\nachc\tools\fhirtoomop\omop\person\factory\builder\drugexposure\OmopDrugExposureBuilderIntegrationTest.class
org\nachc\tools\fhirtoomop\omop\write\singlepatient\WriteOmopPersonToDatabaseIntegrationTest.class
org\nachc\tools\fhirtoomop\tools\download\DownloadPatientIdssyntheaTest.class
org\nachc\tools\fhirtoomop\EmptyIntegrationTest.class
org\nachc\tools\fhirtoomop\omop\person\factory\builder\procedure\OmopProcedureBuilderTranslatorsIntegrationTest.class
org\nachc\tools\fhirtoomop\tools\populate\PopulateOmopInstanceFromFhirFilesManualTest.class
org\nachc\tools\fhirtoomop\omop\person\factory\builder\procedure\OmopProcedureBuilderIntegrationTest.class
org\nachc\tools\fhirtoomop\util\db\connection\OmopDatabaseConnectionFactoryBootStrapIntegrationTest.class
org\nachc\tools\fhirtoomop\fhir\patient\factory\FhirPatientFactoryIntegrationTest.class
org\nachc\tools\fhirtoomop\fhir\parser\patient\PatientParserIntegrationTest.class
org\nachc\tools\fhirtoomop\omop\person\factory\builder\observation\OmopObservationBuilderIntegrationTest.class
org\nachc\tools\fhirtoomop\omop\person\factory\builder\person\OmopPersonBuilderIntegrationTest.class
org\nachc\tools\fhirtoomop\omop\write\singlepatient\WriteTwoOmopPeopleToDatabaseUsingSingleThreadIntegrationTest.class
org\nachc\tools\fhirtoomop\RunAllIntegrationTests.class
com\nach\core\util\props\PropertiesUtilIntegrationTest.class
org\nachc\tools\fhirtoomop\fhir\parser\encounter\EncounterParserIntegrationTest.class
org\nachc\tools\fhirtoomop\fhir\parser\encounter\EncountersShouldHaveDatesIntegrationTest.class
org\nachc\tools\fhirtoomop\main\MainBurnEverythingToTheGroundAndInstallCdmManualTest.class
org\nachc\tools\fhirtoomop\fhir\parser\medicationrequest\MedicationRequestParserIntegrationTest.class
org\nachc\tools\fhirtoomop\util\db\connection\postgres\PostgresDatabaseConnectionFactoryIntegrationTest.class
org\nachc\tools\fhirtoomop\fhir\parser\procedure\ProcedureParserIntegrationTest.class
org\nachc\tools\fhirtoomop\fhir\parser\observation\ObservationParserIntegrationTest.class
org\nachc\tools\fhirtoomop\main\MainUploadManualTest.class
org\nachc\tools\fhirtoomop\omop\person\factory\builder\visitoccurrence\OmopVisitOccurrenceFactoryIntegrationTest.class
org\nachc\tools\fhirtoomop\tools\download\patient\FhirPatientEverythingFetcherSyntheaTest.class
org\nachc\tools\fhirtoomop\omop\write\threaded\WriteOmopPeopleToDatabaseIntegrationTest.class
org\nachc\tools\fhirtoomop\util\db\connection\OmopDatabaseConnectionFactoryIntegrationTest.class
org\nachc\tools\fhirtoomop\fhir\parser\bundle\BundleParserIntegrationTest.class
org\nachc\tools\fhirtoomop\omop\util\id\fixer\FixSequencesIntegrationTest.class
