org\nachc\tools\omop\yaorma\dvo\CareSiteDvo.class
org\nachc\tools\fhirtoomop\fhir\parser\medicationrequest\MedicationRequestParser.class
org\nachc\tools\fhirtoomop\fhir\parser\r4\medicationrequest\MedicationRequestParser.class
org\nachc\tools\omop\yaorma\dvo\DrugExposureDvo.class
org\nachc\tools\fhirtoomop\tools\build\CreateOmopInstanceToolPostgres.class
org\nachc\tools\fhirtoomop\fhir\parser\r4\valueset\ValueSetParser.class
org\nachc\tools\fhirtoomop\fhir\parser\r4\diagnosticreport\DiagnosticReportParser.class
org\nachc\tools\fhirtoomop\fhir\patient\factory\impl\file\FhirPatientResourcesAsFilesFactory.class
org\nachc\tools\omop\yaorma\dvo\DeathDvo.class
org\nachc\tools\omop\yaorma\dvo\RelationshipDvo.class
org\nachc\tools\fhirtoomop\omop\person\factory\builder\drugexposure\OmopDrugExposureBuilder.class
org\nachc\tools\fhirtoomop\util\mapping\EthnicityMapping.class
org\nachc\tools\omop\yaorma\dvo\PersonDvo.class
org\nachc\tools\fhirtoomop\tools\build\atlas\impl\AtlasInstallCreateDatabase.class
org\nachc\tools\omop\yaorma\dvo\VisitOccurrenceDvo.class
org\nachc\tools\fhirtoomop\omop\util\id\FhirToOmopIdGenerator.class
org\nachc\tools\fhirtoomop\tools\build\impl\LoadMappingTables.class
org\nachc\tools\fhirtoomop\fhir\parser\r4\patientsummary\PatientSummaryParser.class
org\nachc\tools\fhirtoomop\tools\build\impl\CreateDatabaseTables.class
org\nachc\tools\fhirtoomop\fhir\validate\ValidateFhirPatient.class
org\nachc\tools\fhirtoomop\omop\person\factory\builder\condition\OmopConditionOccurrenceBuilder.class
org\nachc\tools\fhirtoomop\tools\build\atlas\impl\BurnAtlasToTheGround.class
org\nachc\tools\fhirtoomop\tools\download\patient\download\DownloadPatientsWorker.class
org\nachc\tools\fhirtoomop\fhir\parser\r4\condition\ConditionParser.class
org\nachc\tools\fhirtoomop\tools\build\impl\CreateDatabaseUser.class
org\nachc\tools\omop\yaorma\dvo\MeasurementDvo.class
org\nachc\tools\fhirtoomop\util\mapping\GenderMapping.class
org\nachc\tools\fhirtoomop\fhir\util\id\FhirUtil.class
org\nachc\tools\fhirtoomop\tools\build\postgres\CreateDatabaseIndexesPostgres.class
org\nachc\tools\fhirtoomop\omop\person\factory\builder\observation\ObservationPostProcessor.class
org\nachc\tools\fhirtoomop\omop\person\factory\OmopPersonFactory.class
org\nachc\tools\fhirtoomop\tools\download\patient\thread\DownloadFhirPatientWorkerRunnable.class
org\nachc\tools\fhirtoomop\util\mapping\RaceMapping.class
org\nachc\tools\fhirtoomop\tools\build\postgres\CreateDatabasePostgres.class
org\nachc\tools\omop\yaorma\dvo\DrugStrengthDvo.class
org\nachc\tools\omop\yaorma\dvo\MetadataDvo.class
org\nachc\tools\fhirtoomop\fhir\parser\patient\PatientParser.class
org\nachc\tools\fhirtoomop\fhir\patient\r4\factory\impl\file\FhirPatientResourcesAsFiles.class
org\nachc\tools\fhirtoomop\fhir\parser\r4\observation\ObservationParser.class
org\nachc\tools\fhirtoomop\fhir\validate\patient\ValidatePatient.class
org\nachc\tools\fhirtoomop\tools\download\patient\download\FhirPatientDownloader.class
org\nachc\tools\fhirtoomop\util\db\counts\GetCountsForAllTablesInSchema.class
org\nachc\tools\fhirtoomop\fhir\validate\encounter\ValidateEncounter.class
org\nachc\tools\fhirtoomop\tools\build\atlas\impl\CreateAtlasPostgresDependencies.class
org\nachc\tools\fhirtoomop\util\db\OmopDatabaseUtils.class
org\nachc\tools\fhirtoomop\fhir\parser\observation\ObservationParser.class
org\nachc\tools\fhirtoomop\tools\build\atlas\InstallAtlasDependencies.class
org\nachc\tools\omop\yaorma\dvo\CdmSourceDvo.class
org\nachc\tools\fhirtoomop\tools\populate\PrimeUploadProcess.class
org\nachc\tools\fhirtoomop\fhir\parser\r4\observation\type\ObservationType.class
org\nachc\tools\fhirtoomop\omop\person\factory\builder\observation\MeasurementPostProcessor.class
org\nachc\tools\fhirtoomop\tools\build\atlas\impl\AtlasInstallCreateWebApiSchema.class
org\nachc\tools\fhirtoomop\util\mapping\impl\cache\MappedConceptCache.class
org\nachc\tools\omop\yaorma\dvo\DomainDvo.class
org\nachc\tools\fhirtoomop\omop\write\threaded\runnable\WriteOmopPeopleToDatabaseRunnable.class
org\nachc\tools\fhirtoomop\fhir\parser\bundle\IBundleParser.class
org\nachc\tools\fhirtoomop\util\mapping\impl\cache\StandardConceptCache.class
org\nachc\tools\fhirtoomop\fhir\parser\r4\encounter\EncounterParser.class
org\nachc\tools\fhirtoomop\tools\build\impl\CreateMappingTables.class
org\nachc\tools\fhirtoomop\tools\build\postgres\CreateMappingTablesPostgres.class
org\nachc\tools\fhirtoomop\fhir\validate\medicationrequest\ValidateMedicationRequest.class
org\nachc\tools\omop\yaorma\dvo\ConceptClassDvo.class
org\nachc\tools\fhirtoomop\util\db\truncatedatatables\TruncateDataTables.class
org\nachc\tools\fhirtoomop\fhir\parser\observation\type\ObservationType.class
org\nachc\tools\fhirtoomop\fhir\parser\r4\observation\component\ObservationComponentParser.class
org\nachc\tools\fhirtoomop\tools\build\postgres\AddConstraintsPostgres.class
org\nachc\tools\fhirtoomop\tools\build\atlas\impl\AtlasInstallInitPostgresCreateUsers.class
org\nachc\tools\fhirtoomop\fhir\parser\valueset\ValueSetParser.class
org\nachc\tools\fhirtoomop\fhir\util\server\auth\HttpClientAuthenticator.class
org\nachc\tools\omop\yaorma\dvo\CostDvo.class
org\nachc\tools\fhirtoomop\util\mapping\impl\FhirToOmopConceptMapper.class
org\nachc\tools\fhirtoomop\omop\person\factory\builder\resource\OmopFhirResourceBuilder.class
org\nachc\tools\fhirtoomop\tools\build\impl\CreateDatabase.class
org\nachc\tools\fhirtoomop\util\omop\concept\OmopConceptFactory.class
org\nachc\tools\fhirtoomop\tools\build\atlas\InstallAtlasDatasource.class
org\nachc\tools\fhirtoomop\fhir\patient\r4\factory\impl\json\FhirPatientResourcesAsJson.class
org\nachc\tools\fhirtoomop\fhir\patient\factory\FhirPatientResources.class
org\nachc\tools\omop\yaorma\dvo\FactRelationshipDvo.class
org\nachc\tools\fhirtoomop\tools\build\postgres\LoadTerminologyPostgres.class
org\nachc\tools\omop\yaorma\dvo\ConceptDvo.class
org\nachc\tools\fhirtoomop\fhir\parser\bundle\BundleParser.class
org\nachc\tools\fhirtoomop\util\params\AppParams.class
org\nachc\tools\fhirtoomop\tools\download\patientids\fetcher\PatientSummaryListBundleParser.class
org\nachc\tools\fhirtoomop\tools\build\impl\MoveRaceEthFiles.class
org\nachc\tools\fhirtoomop\tools\build\impl\CreateSequencesForPrimaryKeys.class
org\nachc\tools\omop\yaorma\dvo\FhirToOmopRaceDvo.class
org\nachc\tools\fhirtoomop\util\db\connection\postgres\PostgresDatabaseConnectionFactory.class
org\nachc\tools\fhirtoomop\util\db\datatables\DatatableList.class
org\nachc\tools\omop\yaorma\dvo\NoteNlpDvo.class
org\nachc\tools\fhirtoomop\tools\download\patient\fetcher\FhirPatientEverythingFetcher.class
org\nachc\tools\fhirtoomop\tools\build\postgres\CreateFhirResoureTablesPostgres.class
org\nachc\tools\omop\yaorma\dvo\EpisodeEventDvo.class
org\nachc\tools\fhirtoomop\tools\build\postgres\BurnEverythingToTheGroundPostgres.class
org\nachc\tools\omop\yaorma\dvo\SpecimenDvo.class
org\nachc\tools\fhirtoomop\util\mapping\system\SystemMapping.class
org\nachc\tools\fhirtoomop\fhir\parser\r4\procedure\ProcedureParser.class
org\nachc\tools\fhirtoomop\tools\build\impl\BurnEverythingToTheGround.class
org\nachc\tools\fhirtoomop\util\db\truncatedatatables\TruncateAllDataTables.class
org\nachc\tools\omop\yaorma\dvo\PayerPlanPeriodDvo.class
org\nachc\tools\fhirtoomop\util\db\connection\OmopDatabaseConnectionFactory.class
org\nachc\tools\omop\yaorma\dvo\NoteDvo.class
org\nachc\tools\fhirtoomop\omop\util\constants\OmopConceptConstants.class
org\nachc\tools\omop\yaorma\dvo\ConditionEraDvo.class
org\nachc\tools\fhirtoomop\omop\person\factory\builder\observation\OmopObservationBuilder.class
org\nachc\tools\fhirtoomop\util\mapping\impl\cache\ConceptCache.class
org\nachc\tools\fhirtoomop\tools\build\atlas\impl\CreateAtlasSqlServerDependencies.class
org\nachc\tools\fhirtoomop\tools\populate\PopulateOmopInstanceFromFhirFiles.class
org\nachc\tools\fhirtoomop\tools\download\DownloadPatientIds.class
org\nachc\tools\fhirtoomop\omop\person\factory\builder\observation\translate\OmopObservationFromProcedure.class
org\nachc\tools\omop\yaorma\dvo\VisitDetailDvo.class
org\nachc\tools\fhirtoomop\tools\download\DownloadPatients.class
org\nachc\tools\omop\orm\ormgenerator\GenerateOrm.class
org\nachc\tools\fhirtoomop\fhir\patient\r4\factory\impl\file\FhirPatientResourcesAsFilesFactory.class
org\nachc\tools\fhirtoomop\tools\build\impl\CreateFhirResoureTables.class
org\nachc\tools\fhirtoomop\fhir\parser\procedure\ProcedureParser.class
org\nachc\tools\fhirtoomop\tools\build\postgres\CreateSequencesForPrimaryKeysPostgres.class
org\nachc\tools\fhirtoomop\tools\download\patientids\fetcher\SyntheaPatientSummaryListFetcher.class
org\nachc\tools\fhirtoomop\omop\person\factory\builder\visitoccurrence\OmopVisitOccurrenceBuilder.class
org\nachc\tools\fhirtoomop\fhir\parser\r4\bundle\BundleParser.class
org\nachc\tools\fhirtoomop\fhir\patient\r4\FhirPatient.class
org\nachc\tools\fhirtoomop\omop\person\OmopPerson.class
org\nachc\tools\fhirtoomop\main\FhirToOmopMain.class
org\nachc\tools\fhirtoomop\fhir\parser\encounter\EncounterParser.class
org\nachc\tools\omop\yaorma\dvo\DoseEraDvo.class
org\nachc\tools\omop\yaorma\dvo\FhirResourceDvo.class
org\nachc\tools\fhirtoomop\fhir\parser\r4\extension\ExtensionParser.class
org\nachc\tools\omop\yaorma\dvo\EpisodeDvo.class
org\nachc\tools\fhirtoomop\tools\build\impl\CreatePreloadIndexes.class
org\nachc\tools\fhirtoomop\tools\download\patient\thread\DownloadPatientRunnable.class
org\nachc\tools\omop\yaorma\dvo\DeviceExposureDvo.class
org\nachc\tools\fhirtoomop\omop\util\id\fixer\FixSequences.class
org\nachc\tools\fhirtoomop\fhir\util\server\auth\impl\HeaderTokenAuthenticator.class
org\nachc\tools\fhirtoomop\util\db\counts\GetCountForTable.class
org\nachc\tools\fhirtoomop\util\mapping\impl\cache\CacheKey.class
org\nachc\tools\omop\yaorma\dvo\ConceptSynonymDvo.class
org\nachc\tools\fhirtoomop\tools\download\patient\writer\WriteFhirPatientToFile.class
org\nachc\tools\fhirtoomop\fhir\parser\FhirResourceFile.class
org\nachc\tools\fhirtoomop\omop\person\factory\builder\observation\translate\OmopMeasurementFromProcedure.class
org\nachc\tools\fhirtoomop\tools\build\CreateOmopInstanceTool.class
org\nachc\tools\fhirtoomop\tools\build\impl\CreateDatabaseIndexes.class
org\nachc\tools\fhirtoomop\fhir\parser\r4\patient\PatientParser.class
org\nachc\tools\fhirtoomop\omop\person\factory\builder\procedure\OmopProcedureBuilder.class
org\nachc\tools\fhirtoomop\fhir\parser\coding\CodingParser.class
org\nachc\tools\fhirtoomop\fhir\patient\r4\factory\FhirPatientFactory.class
org\nachc\tools\omop\yaorma\dvo\ConceptAncestorDvo.class
org\nachc\tools\fhirtoomop\tools\populate\PopulateOmopInstanceFromSyntheaFiles.class
org\nachc\tools\omop\yaorma\dvo\CohortDefinitionDvo.class
org\nachc\tools\fhirtoomop\util\mapping\OperatorMapping.class
org\nachc\tools\fhirtoomop\tools\build\impl\CreateCdmSourceRecord.class
org\nachc\tools\fhirtoomop\tools\build\postgres\CreateCdmSourceRecordPostgres.class
org\nachc\tools\fhirtoomop\fhir\parser\patientsummary\PatientSummaryParser.class
org\nachc\tools\omop\yaorma\dvo\ConditionOccurrenceDvo.class
org\nachc\tools\omop\yaorma\dvo\ObservationPeriodDvo.class
org\nachc\tools\omop\yaorma\dvo\VocabularyDvo.class
org\nachc\tools\fhirtoomop\fhir\patient\factory\impl\file\FhirPatientResourcesAsFiles.class
org\nachc\tools\omop\yaorma\dvo\DrugEraDvo.class
org\nachc\tools\fhirtoomop\fhir\parser\extension\ExtensionParser.class
org\nachc\tools\fhirtoomop\tools\build\postgres\CreateDatabaseTablesPostgres.class
org\nachc\tools\fhirtoomop\fhir\parser\observation\component\ObservationComponentParser.class
org\nachc\tools\fhirtoomop\tools\build\postgres\LoadMappingTablesPostgres.class
org\nachc\tools\fhirtoomop\omop\person\factory\builder\observation\translate\OmopMeasurementFromObservation.class
org\nachc\tools\fhirtoomop\omop\person\factory\builder\person\OmopPersonBuilder.class
org\nachc\tools\fhirtoomop\omop\write\threaded\WriteOmopPeopleToDatabase.class
org\nachc\tools\fhirtoomop\tools\download\authenticate\FhirServerAuthenticator.class
org\nachc\tools\fhirtoomop\fhir\patient\FhirPatient.class
org\nachc\tools\omop\yaorma\dvo\ObservationDvo.class
org\nachc\tools\fhirtoomop\fhir\parser\condition\ConditionParser.class
org\nachc\tools\omop\yaorma\dvo\FhirToOmopEthnicityDvo.class
org\nachc\tools\omop\yaorma\dvo\ProviderDvo.class
org\nachc\tools\fhirtoomop\fhir\parser\r4\coding\CodingParser.class
org\nachc\tools\fhirtoomop\tools\build\postgres\MoveRaceEthFilesPostgres.class
org\nachc\tools\omop\yaorma\dvo\ConceptRelationshipDvo.class
org\nachc\tools\omop\yaorma\dvo\LocationDvo.class
org\nachc\tools\fhirtoomop\fhir\patient\factory\impl\json\FhirPatientResourcesAsJson.class
org\nachc\tools\fhirtoomop\tools\download\patient\fetcher\FhirPatientEverythingNextFetcher.class
org\nachc\tools\fhirtoomop\omop\write\singlepatient\WriteOmopPersonToDatabase.class
org\nachc\tools\fhirtoomop\tools\build\impl\AddConstraints.class
org\nachc\tools\fhirtoomop\fhir\patient\r4\factory\FhirPatientResources.class
org\nachc\tools\fhirtoomop\omop\person\factory\builder\condition\translate\OmopConditionFromProcedure.class
org\nachc\tools\omop\yaorma\dvo\CohortDvo.class
org\nachc\tools\omop\yaorma\dvo\ProcedureOccurrenceDvo.class
org\nachc\tools\fhirtoomop\fhir\patient\factory\FhirPatientFactory.class
org\nachc\tools\fhirtoomop\tools\build\impl\LoadTerminology.class
org\nachc\tools\omop\yaorma\dvo\SourceToConceptMapDvo.class
