C:\_YES\workspace\fhir-to-omop\src\main\java\org\nachc\tools\fhirtoomop\tools\build\atlas\impl\BurnAtlasToTheGround.java
C:\_YES\workspace\fhir-to-omop\src\main\java\org\nachc\tools\omop\yaorma\dvo\ConceptAncestorDvo.java
C:\_YES\workspace\fhir-to-omop\src\main\java\org\nachc\tools\fhirtoomop\tools\download\patientids\fetcher\PatientSummaryListBundleParser.java
C:\_YES\workspace\fhir-to-omop\src\main\java\org\nachc\tools\fhirtoomop\fhir\parser\r4\encounter\EncounterParser.java
C:\_YES\workspace\fhir-to-omop\src\main\java\org\nachc\tools\fhirtoomop\tools\build\postgres\BurnEverythingToTheGroundPostgres.java
C:\_YES\workspace\fhir-to-omop\src\main\java\org\nachc\tools\omop\yaorma\dvo\DeviceExposureDvo.java
C:\_YES\workspace\fhir-to-omop\src\main\java\org\nachc\tools\fhirtoomop\omop\person\factory\builder\person\OmopPersonBuilder.java
C:\_YES\workspace\fhir-to-omop\src\main\java\org\nachc\tools\fhirtoomop\tools\build\postgres\CreateDatabasePostgres.java
C:\_YES\workspace\fhir-to-omop\src\main\java\org\nachc\tools\omop\yaorma\dvo\ProviderDvo.java
C:\_YES\workspace\fhir-to-omop\src\main\java\org\nachc\tools\fhirtoomop\fhir\util\server\auth\HttpClientAuthenticator.java
C:\_YES\workspace\fhir-to-omop\src\main\java\org\nachc\tools\fhirtoomop\fhir\parser\observation\type\ObservationType.java
C:\_YES\workspace\fhir-to-omop\src\main\java\org\nachc\tools\fhirtoomop\omop\person\factory\builder\drugexposure\OmopDrugExposureBuilder.java
C:\_YES\workspace\fhir-to-omop\src\main\java\org\nachc\tools\omop\yaorma\dvo\ObservationDvo.java
C:\_YES\workspace\fhir-to-omop\src\main\java\org\nachc\tools\fhirtoomop\tools\build\impl\MoveRaceEthFiles.java
C:\_YES\workspace\fhir-to-omop\src\main\java\org\nachc\tools\omop\yaorma\dvo\ConceptClassDvo.java
C:\_YES\workspace\fhir-to-omop\src\main\java\org\nachc\tools\fhirtoomop\fhir\parser\r4\bundle\BundleParser.java
C:\_YES\workspace\fhir-to-omop\src\main\java\org\nachc\tools\fhirtoomop\tools\download\patient\thread\DownloadFhirPatientWorkerRunnable.java
C:\_YES\workspace\fhir-to-omop\src\main\java\org\nachc\tools\fhirtoomop\util\db\counts\GetCountForTable.java
C:\_YES\workspace\fhir-to-omop\src\main\java\org\nachc\tools\fhirtoomop\tools\build\CreateOmopInstanceToolPostgres.java
C:\_YES\workspace\fhir-to-omop\src\main\java\org\nachc\tools\omop\yaorma\dvo\FhirToOmopEthnicityDvo.java
C:\_YES\workspace\fhir-to-omop\src\main\java\org\nachc\tools\fhirtoomop\omop\person\factory\builder\condition\OmopConditionOccurrenceBuilder.java
C:\_YES\workspace\fhir-to-omop\src\main\java\org\nachc\tools\fhirtoomop\omop\util\id\fixer\FixSequences.java
C:\_YES\workspace\fhir-to-omop\src\main\java\org\nachc\tools\omop\yaorma\dvo\VisitOccurrenceDvo.java
C:\_YES\workspace\fhir-to-omop\src\main\java\org\nachc\tools\fhirtoomop\util\mapping\OperatorMapping.java
C:\_YES\workspace\fhir-to-omop\src\main\java\org\nachc\tools\omop\yaorma\dvo\DoseEraDvo.java
C:\_YES\workspace\fhir-to-omop\src\main\java\org\nachc\tools\fhirtoomop\fhir\parser\r4\valueset\ValueSetParser.java
C:\_YES\workspace\fhir-to-omop\src\main\java\org\nachc\tools\fhirtoomop\tools\build\impl\CreateMappingTables.java
C:\_YES\workspace\fhir-to-omop\src\main\java\org\nachc\tools\fhirtoomop\tools\build\postgres\CreateDatabaseIndexesPostgres.java
C:\_YES\workspace\fhir-to-omop\src\main\java\org\nachc\tools\fhirtoomop\tools\build\impl\AddConstraints.java
C:\_YES\workspace\fhir-to-omop\src\main\java\org\nachc\tools\fhirtoomop\fhir\patient\factory\impl\file\FhirPatientResourcesAsFiles.java
C:\_YES\workspace\fhir-to-omop\src\main\java\org\nachc\tools\fhirtoomop\tools\build\impl\CreatePreloadIndexes.java
C:\_YES\workspace\fhir-to-omop\src\main\java\org\nachc\tools\omop\yaorma\dvo\DrugExposureDvo.java
C:\_YES\workspace\fhir-to-omop\src\main\java\org\nachc\tools\fhirtoomop\tools\build\atlas\impl\AtlasInstallCreateDatabase.java
C:\_YES\workspace\fhir-to-omop\src\main\java\org\nachc\tools\fhirtoomop\omop\write\singlepatient\WriteOmopPersonToDatabase.java
C:\_YES\workspace\fhir-to-omop\src\main\java\org\nachc\tools\fhirtoomop\omop\person\factory\OmopPersonFactory.java
C:\_YES\workspace\fhir-to-omop\src\main\java\org\nachc\tools\fhirtoomop\fhir\parser\observation\ObservationParser.java
C:\_YES\workspace\fhir-to-omop\src\main\java\org\nachc\tools\fhirtoomop\fhir\patient\r4\factory\FhirPatientFactory.java
C:\_YES\workspace\fhir-to-omop\src\main\java\org\nachc\tools\fhirtoomop\omop\person\factory\builder\observation\MeasurementPostProcessor.java
C:\_YES\workspace\fhir-to-omop\src\main\java\org\nachc\tools\omop\yaorma\dvo\CdmSourceDvo.java
C:\_YES\workspace\fhir-to-omop\src\main\java\org\nachc\tools\fhirtoomop\fhir\parser\r4\diagnosticreport\DiagnosticReportParser.java
C:\_YES\workspace\fhir-to-omop\src\main\java\org\nachc\tools\omop\yaorma\dvo\ConceptRelationshipDvo.java
C:\_YES\workspace\fhir-to-omop\src\main\java\org\nachc\tools\fhirtoomop\fhir\patient\r4\factory\impl\file\FhirPatientResourcesAsFilesFactory.java
C:\_YES\workspace\fhir-to-omop\src\main\java\org\nachc\tools\fhirtoomop\util\mapping\impl\cache\ConceptCache.java
C:\_YES\workspace\fhir-to-omop\src\main\java\org\nachc\tools\fhirtoomop\fhir\patient\factory\FhirPatientResources.java
C:\_YES\workspace\fhir-to-omop\src\main\java\org\nachc\tools\fhirtoomop\util\mapping\impl\FhirToOmopConceptMapper.java
C:\_YES\workspace\fhir-to-omop\src\main\java\org\nachc\tools\fhirtoomop\fhir\parser\procedure\ProcedureParser.java
C:\_YES\workspace\fhir-to-omop\src\main\java\org\nachc\tools\fhirtoomop\tools\build\impl\CreateDatabaseTables.java
C:\_YES\workspace\fhir-to-omop\src\main\java\org\nachc\tools\fhirtoomop\tools\download\patientids\fetcher\SyntheaPatientSummaryListFetcher.java
C:\_YES\workspace\fhir-to-omop\src\main\java\org\nachc\tools\fhirtoomop\fhir\parser\condition\ConditionParser.java
C:\_YES\workspace\fhir-to-omop\src\main\java\org\nachc\tools\fhirtoomop\tools\build\impl\CreateDatabase.java
C:\_YES\workspace\fhir-to-omop\src\main\java\org\nachc\tools\fhirtoomop\util\mapping\GenderMapping.java
C:\_YES\workspace\fhir-to-omop\src\main\java\org\nachc\tools\omop\yaorma\dvo\ConceptSynonymDvo.java
C:\_YES\workspace\fhir-to-omop\src\main\java\org\nachc\tools\omop\yaorma\dvo\FhirResourceDvo.java
C:\_YES\workspace\fhir-to-omop\src\main\java\org\nachc\tools\fhirtoomop\tools\build\atlas\impl\AtlasInstallCreateWebApiSchema.java
C:\_YES\workspace\fhir-to-omop\src\main\java\org\nachc\tools\fhirtoomop\fhir\util\id\FhirUtil.java
C:\_YES\workspace\fhir-to-omop\src\main\java\org\nachc\tools\fhirtoomop\tools\build\CreateOmopInstanceTool.java
C:\_YES\workspace\fhir-to-omop\src\main\java\org\nachc\tools\fhirtoomop\util\mapping\impl\cache\StandardConceptCache.java
C:\_YES\workspace\fhir-to-omop\src\main\java\org\nachc\tools\fhirtoomop\util\omop\concept\OmopConceptFactory.java
C:\_YES\workspace\fhir-to-omop\src\main\java\org\nachc\tools\fhirtoomop\tools\download\patient\thread\DownloadPatientRunnable.java
C:\_YES\workspace\fhir-to-omop\src\main\java\org\nachc\tools\fhirtoomop\tools\populate\PopulateOmopInstanceFromSyntheaFiles.java
C:\_YES\workspace\fhir-to-omop\src\main\java\org\nachc\tools\fhirtoomop\main\FhirToOmopMain.java
C:\_YES\workspace\fhir-to-omop\src\main\java\org\nachc\tools\fhirtoomop\tools\build\postgres\CreateSequencesForPrimaryKeysPostgres.java
C:\_YES\workspace\fhir-to-omop\src\main\java\org\nachc\tools\omop\yaorma\dvo\CohortDefinitionDvo.java
C:\_YES\workspace\fhir-to-omop\src\main\java\org\nachc\tools\fhirtoomop\omop\person\factory\builder\observation\translate\OmopMeasurementFromObservation.java
C:\_YES\workspace\fhir-to-omop\src\main\java\org\nachc\tools\fhirtoomop\tools\download\patient\fetcher\FhirPatientEverythingFetcher.java
C:\_YES\workspace\fhir-to-omop\src\main\java\org\nachc\tools\fhirtoomop\fhir\parser\observation\component\ObservationComponentParser.java
C:\_YES\workspace\fhir-to-omop\src\main\java\org\nachc\tools\fhirtoomop\omop\write\threaded\WriteOmopPeopleToDatabase.java
C:\_YES\workspace\fhir-to-omop\src\main\java\org\nachc\tools\fhirtoomop\omop\person\factory\builder\resource\OmopFhirResourceBuilder.java
C:\_YES\workspace\fhir-to-omop\src\main\java\org\nachc\tools\omop\yaorma\dvo\NoteDvo.java
C:\_YES\workspace\fhir-to-omop\src\main\java\org\nachc\tools\omop\yaorma\dvo\CostDvo.java
C:\_YES\workspace\fhir-to-omop\src\main\java\org\nachc\tools\fhirtoomop\tools\build\postgres\CreateDatabaseTablesPostgres.java
C:\_YES\workspace\fhir-to-omop\src\main\java\org\nachc\tools\fhirtoomop\tools\download\patient\writer\WriteFhirPatientToFile.java
C:\_YES\workspace\fhir-to-omop\src\main\java\org\nachc\tools\fhirtoomop\fhir\parser\patient\PatientParser.java
C:\_YES\workspace\fhir-to-omop\src\main\java\org\nachc\tools\fhirtoomop\util\mapping\EthnicityMapping.java
C:\_YES\workspace\fhir-to-omop\src\main\java\org\nachc\tools\fhirtoomop\tools\download\authenticate\FhirServerAuthenticator.java
C:\_YES\workspace\fhir-to-omop\src\main\java\org\nachc\tools\fhirtoomop\omop\util\constants\OmopConceptConstants.java
C:\_YES\workspace\fhir-to-omop\src\main\java\org\nachc\tools\omop\yaorma\dvo\DrugStrengthDvo.java
C:\_YES\workspace\fhir-to-omop\src\main\java\org\nachc\tools\omop\yaorma\dvo\MeasurementDvo.java
C:\_YES\workspace\fhir-to-omop\src\main\java\org\nachc\tools\fhirtoomop\fhir\parser\valueset\ValueSetParser.java
C:\_YES\workspace\fhir-to-omop\src\main\java\org\nachc\tools\fhirtoomop\fhir\validate\ValidateFhirPatient.java
C:\_YES\workspace\fhir-to-omop\src\main\java\org\nachc\tools\fhirtoomop\omop\person\factory\builder\procedure\OmopProcedureBuilder.java
C:\_YES\workspace\fhir-to-omop\src\main\java\org\nachc\tools\fhirtoomop\fhir\parser\patientsummary\PatientSummaryParser.java
C:\_YES\workspace\fhir-to-omop\src\main\java\org\nachc\tools\fhirtoomop\util\params\AppParams.java
C:\_YES\workspace\fhir-to-omop\src\main\java\org\nachc\tools\fhirtoomop\tools\download\DownloadPatients.java
C:\_YES\workspace\fhir-to-omop\src\main\java\org\nachc\tools\fhirtoomop\util\db\datatables\DatatableList.java
C:\_YES\workspace\fhir-to-omop\src\main\java\org\nachc\tools\omop\yaorma\dvo\ConditionOccurrenceDvo.java
C:\_YES\workspace\fhir-to-omop\src\main\java\org\nachc\tools\fhirtoomop\fhir\parser\encounter\EncounterParser.java
C:\_YES\workspace\fhir-to-omop\src\main\java\org\nachc\tools\omop\yaorma\dvo\CareSiteDvo.java
C:\_YES\workspace\fhir-to-omop\src\main\java\org\nachc\tools\omop\yaorma\dvo\EpisodeDvo.java
C:\_YES\workspace\fhir-to-omop\src\main\java\org\nachc\tools\fhirtoomop\omop\write\threaded\runnable\WriteOmopPeopleToDatabaseRunnable.java
C:\_YES\workspace\fhir-to-omop\src\main\java\org\nachc\tools\fhirtoomop\omop\person\OmopPerson.java
C:\_YES\workspace\fhir-to-omop\src\main\java\org\nachc\tools\fhirtoomop\tools\populate\PrimeUploadProcess.java
C:\_YES\workspace\fhir-to-omop\src\main\java\org\nachc\tools\omop\yaorma\dvo\EpisodeEventDvo.java
C:\_YES\workspace\fhir-to-omop\src\main\java\org\nachc\tools\omop\yaorma\dvo\DrugEraDvo.java
C:\_YES\workspace\fhir-to-omop\src\main\java\org\nachc\tools\omop\yaorma\dvo\ConditionEraDvo.java
C:\_YES\workspace\fhir-to-omop\src\main\java\org\nachc\tools\fhirtoomop\omop\person\factory\builder\observation\translate\OmopObservationFromProcedure.java
C:\_YES\workspace\fhir-to-omop\src\main\java\org\nachc\tools\fhirtoomop\tools\build\impl\CreateFhirResoureTables.java
C:\_YES\workspace\fhir-to-omop\src\main\java\org\nachc\tools\fhirtoomop\fhir\validate\medicationrequest\ValidateMedicationRequest.java
C:\_YES\workspace\fhir-to-omop\src\main\java\org\nachc\tools\fhirtoomop\tools\build\postgres\AddConstraintsPostgres.java
C:\_YES\workspace\fhir-to-omop\src\main\java\org\nachc\tools\omop\yaorma\dvo\ConceptDvo.java
C:\_YES\workspace\fhir-to-omop\src\main\java\org\nachc\tools\fhirtoomop\fhir\parser\r4\patient\PatientParser.java
C:\_YES\workspace\fhir-to-omop\src\main\java\org\nachc\tools\fhirtoomop\fhir\parser\r4\condition\ConditionParser.java
C:\_YES\workspace\fhir-to-omop\src\main\java\org\nachc\tools\fhirtoomop\fhir\parser\r4\procedure\ProcedureParser.java
C:\_YES\workspace\fhir-to-omop\src\main\java\org\nachc\tools\omop\yaorma\dvo\SpecimenDvo.java
C:\_YES\workspace\fhir-to-omop\src\main\java\org\nachc\tools\fhirtoomop\fhir\parser\r4\extension\ExtensionParser.java
C:\_YES\workspace\fhir-to-omop\src\main\java\org\nachc\tools\fhirtoomop\tools\build\atlas\impl\AtlasInstallInitPostgresCreateUsers.java
C:\_YES\workspace\fhir-to-omop\src\main\java\org\nachc\tools\fhirtoomop\tools\build\impl\LoadTerminology.java
C:\_YES\workspace\fhir-to-omop\src\main\java\org\nachc\tools\fhirtoomop\omop\person\factory\builder\condition\translate\OmopConditionFromProcedure.java
C:\_YES\workspace\fhir-to-omop\src\main\java\org\nachc\tools\fhirtoomop\tools\build\impl\CreateCdmSourceRecord.java
C:\_YES\workspace\fhir-to-omop\src\main\java\org\nachc\tools\omop\yaorma\dvo\VisitDetailDvo.java
C:\_YES\workspace\fhir-to-omop\src\main\java\org\nachc\tools\fhirtoomop\tools\build\impl\CreateDatabaseIndexes.java
C:\_YES\workspace\fhir-to-omop\src\main\java\org\nachc\tools\fhirtoomop\fhir\patient\factory\FhirPatientFactory.java
C:\_YES\workspace\fhir-to-omop\src\main\java\org\nachc\tools\fhirtoomop\fhir\patient\r4\factory\impl\file\FhirPatientResourcesAsFiles.java
C:\_YES\workspace\fhir-to-omop\src\main\java\org\nachc\tools\fhirtoomop\tools\build\atlas\InstallAtlasDatasource.java
C:\_YES\workspace\fhir-to-omop\src\main\java\org\nachc\tools\fhirtoomop\tools\build\postgres\CreateMappingTablesPostgres.java
C:\_YES\workspace\fhir-to-omop\src\main\java\org\nachc\tools\fhirtoomop\util\db\truncatedatatables\TruncateDataTables.java
C:\_YES\workspace\fhir-to-omop\src\main\java\org\nachc\tools\omop\orm\ormgenerator\GenerateOrm.java
C:\_YES\workspace\fhir-to-omop\src\main\java\org\nachc\tools\fhirtoomop\omop\person\factory\builder\observation\translate\OmopMeasurementFromProcedure.java
C:\_YES\workspace\fhir-to-omop\src\main\java\org\nachc\tools\fhirtoomop\tools\build\atlas\impl\CreateAtlasSqlServerDependencies.java
C:\_YES\workspace\fhir-to-omop\src\main\java\org\nachc\tools\fhirtoomop\tools\build\impl\CreateSequencesForPrimaryKeys.java
C:\_YES\workspace\fhir-to-omop\src\main\java\org\nachc\tools\omop\yaorma\dvo\SourceToConceptMapDvo.java
C:\_YES\workspace\fhir-to-omop\src\main\java\org\nachc\tools\fhirtoomop\fhir\parser\coding\CodingParser.java
C:\_YES\workspace\fhir-to-omop\src\main\java\org\nachc\tools\fhirtoomop\util\db\counts\GetCountsForAllTablesInSchema.java
C:\_YES\workspace\fhir-to-omop\src\main\java\org\nachc\tools\omop\yaorma\dvo\CohortDvo.java
C:\_YES\workspace\fhir-to-omop\src\main\java\org\nachc\tools\omop\yaorma\dvo\RelationshipDvo.java
C:\_YES\workspace\fhir-to-omop\src\main\java\org\nachc\tools\fhirtoomop\util\db\connection\postgres\PostgresDatabaseConnectionFactory.java
C:\_YES\workspace\fhir-to-omop\src\main\java\org\nachc\tools\fhirtoomop\util\mapping\RaceMapping.java
C:\_YES\workspace\fhir-to-omop\src\main\java\org\nachc\tools\fhirtoomop\tools\build\postgres\LoadMappingTablesPostgres.java
C:\_YES\workspace\fhir-to-omop\src\main\java\org\nachc\tools\fhirtoomop\tools\build\postgres\MoveRaceEthFilesPostgres.java
C:\_YES\workspace\fhir-to-omop\src\main\java\org\nachc\tools\fhirtoomop\util\db\truncatedatatables\TruncateAllDataTables.java
C:\_YES\workspace\fhir-to-omop\src\main\java\org\nachc\tools\fhirtoomop\fhir\patient\factory\impl\json\FhirPatientResourcesAsJson.java
C:\_YES\workspace\fhir-to-omop\src\main\java\org\nachc\tools\fhirtoomop\fhir\patient\r4\factory\FhirPatientResources.java
C:\_YES\workspace\fhir-to-omop\src\main\java\org\nachc\tools\fhirtoomop\fhir\validate\patient\ValidatePatient.java
C:\_YES\workspace\fhir-to-omop\src\main\java\org\nachc\tools\omop\yaorma\dvo\FactRelationshipDvo.java
C:\_YES\workspace\fhir-to-omop\src\main\java\org\nachc\tools\fhirtoomop\tools\build\impl\BurnEverythingToTheGround.java
C:\_YES\workspace\fhir-to-omop\src\main\java\org\nachc\tools\fhirtoomop\fhir\parser\r4\coding\CodingParser.java
C:\_YES\workspace\fhir-to-omop\src\main\java\org\nachc\tools\fhirtoomop\fhir\patient\r4\FhirPatient.java
C:\_YES\workspace\fhir-to-omop\src\main\java\org\nachc\tools\fhirtoomop\omop\person\factory\builder\visitoccurrence\OmopVisitOccurrenceBuilder.java
C:\_YES\workspace\fhir-to-omop\src\main\java\org\nachc\tools\fhirtoomop\tools\build\atlas\impl\CreateAtlasPostgresDependencies.java
C:\_YES\workspace\fhir-to-omop\src\main\java\org\nachc\tools\fhirtoomop\util\mapping\system\SystemMapping.java
C:\_YES\workspace\fhir-to-omop\src\main\java\org\nachc\tools\fhirtoomop\tools\build\postgres\CreateCdmSourceRecordPostgres.java
C:\_YES\workspace\fhir-to-omop\src\main\java\org\nachc\tools\omop\yaorma\dvo\DeathDvo.java
C:\_YES\workspace\fhir-to-omop\src\main\java\org\nachc\tools\fhirtoomop\fhir\parser\r4\medicationrequest\MedicationRequestParser.java
C:\_YES\workspace\fhir-to-omop\src\main\java\org\nachc\tools\fhirtoomop\omop\util\id\FhirToOmopIdGenerator.java
C:\_YES\workspace\fhir-to-omop\src\main\java\org\nachc\tools\omop\yaorma\dvo\ObservationPeriodDvo.java
C:\_YES\workspace\fhir-to-omop\src\main\java\org\nachc\tools\fhirtoomop\tools\build\impl\LoadMappingTables.java
C:\_YES\workspace\fhir-to-omop\src\main\java\org\nachc\tools\omop\yaorma\dvo\PersonDvo.java
C:\_YES\workspace\fhir-to-omop\src\main\java\org\nachc\tools\fhirtoomop\tools\download\DownloadPatientIds.java
C:\_YES\workspace\fhir-to-omop\src\main\java\org\nachc\tools\fhirtoomop\tools\build\postgres\CreateFhirResoureTablesPostgres.java
C:\_YES\workspace\fhir-to-omop\src\main\java\org\nachc\tools\fhirtoomop\fhir\validate\encounter\ValidateEncounter.java
C:\_YES\workspace\fhir-to-omop\src\main\java\org\nachc\tools\fhirtoomop\tools\download\patient\download\DownloadPatientsWorker.java
C:\_YES\workspace\fhir-to-omop\src\main\java\org\nachc\tools\fhirtoomop\omop\person\factory\builder\observation\OmopObservationBuilder.java
C:\_YES\workspace\fhir-to-omop\src\main\java\org\nachc\tools\fhirtoomop\tools\populate\PopulateOmopInstanceFromFhirFiles.java
C:\_YES\workspace\fhir-to-omop\src\main\java\org\nachc\tools\fhirtoomop\fhir\parser\medicationrequest\MedicationRequestParser.java
C:\_YES\workspace\fhir-to-omop\src\main\java\org\nachc\tools\fhirtoomop\fhir\parser\extension\ExtensionParser.java
C:\_YES\workspace\fhir-to-omop\src\main\java\org\nachc\tools\fhirtoomop\fhir\patient\FhirPatient.java
C:\_YES\workspace\fhir-to-omop\src\main\java\org\nachc\tools\fhirtoomop\tools\build\postgres\LoadTerminologyPostgres.java
C:\_YES\workspace\fhir-to-omop\src\main\java\org\nachc\tools\omop\yaorma\dvo\DomainDvo.java
C:\_YES\workspace\fhir-to-omop\src\main\java\org\nachc\tools\omop\yaorma\dvo\LocationDvo.java
C:\_YES\workspace\fhir-to-omop\src\main\java\org\nachc\tools\fhirtoomop\fhir\parser\r4\observation\type\ObservationType.java
C:\_YES\workspace\fhir-to-omop\src\main\java\org\nachc\tools\fhirtoomop\fhir\parser\r4\observation\component\ObservationComponentParser.java
C:\_YES\workspace\fhir-to-omop\src\main\java\org\nachc\tools\fhirtoomop\util\db\OmopDatabaseUtils.java
C:\_YES\workspace\fhir-to-omop\src\main\java\org\nachc\tools\fhirtoomop\tools\build\atlas\InstallAtlasDependencies.java
C:\_YES\workspace\fhir-to-omop\src\main\java\org\nachc\tools\omop\yaorma\dvo\PayerPlanPeriodDvo.java
C:\_YES\workspace\fhir-to-omop\src\main\java\org\nachc\tools\fhirtoomop\tools\build\impl\CreateDatabaseUser.java
C:\_YES\workspace\fhir-to-omop\src\main\java\org\nachc\tools\fhirtoomop\fhir\util\server\auth\impl\HeaderTokenAuthenticator.java
C:\_YES\workspace\fhir-to-omop\src\main\java\org\nachc\tools\fhirtoomop\util\mapping\impl\cache\MappedConceptCache.java
C:\_YES\workspace\fhir-to-omop\src\main\java\org\nachc\tools\fhirtoomop\fhir\patient\r4\factory\impl\json\FhirPatientResourcesAsJson.java
C:\_YES\workspace\fhir-to-omop\src\main\java\org\nachc\tools\omop\yaorma\dvo\MetadataDvo.java
C:\_YES\workspace\fhir-to-omop\src\main\java\org\nachc\tools\omop\yaorma\dvo\VocabularyDvo.java
C:\_YES\workspace\fhir-to-omop\src\main\java\org\nachc\tools\omop\yaorma\dvo\ProcedureOccurrenceDvo.java
C:\_YES\workspace\fhir-to-omop\src\main\java\org\nachc\tools\omop\yaorma\dvo\NoteNlpDvo.java
C:\_YES\workspace\fhir-to-omop\src\main\java\org\nachc\tools\fhirtoomop\fhir\patient\factory\impl\file\FhirPatientResourcesAsFilesFactory.java
C:\_YES\workspace\fhir-to-omop\src\main\java\org\nachc\tools\fhirtoomop\tools\download\patient\fetcher\FhirPatientEverythingNextFetcher.java
C:\_YES\workspace\fhir-to-omop\src\main\java\org\nachc\tools\fhirtoomop\util\mapping\impl\cache\CacheKey.java
C:\_YES\workspace\fhir-to-omop\src\main\java\org\nachc\tools\fhirtoomop\omop\person\factory\builder\observation\ObservationPostProcessor.java
C:\_YES\workspace\fhir-to-omop\src\main\java\org\nachc\tools\fhirtoomop\fhir\parser\r4\observation\ObservationParser.java
C:\_YES\workspace\fhir-to-omop\src\main\java\org\nachc\tools\omop\yaorma\dvo\FhirToOmopRaceDvo.java
C:\_YES\workspace\fhir-to-omop\src\main\java\org\nachc\tools\fhirtoomop\util\db\connection\OmopDatabaseConnectionFactory.java
C:\_YES\workspace\fhir-to-omop\src\main\java\org\nachc\tools\fhirtoomop\fhir\parser\r4\patientsummary\PatientSummaryParser.java
C:\_YES\workspace\fhir-to-omop\src\main\java\org\nachc\tools\fhirtoomop\fhir\parser\FhirResourceFile.java
C:\_YES\workspace\fhir-to-omop\src\main\java\org\nachc\tools\fhirtoomop\tools\download\patient\download\FhirPatientDownloader.java
C:\_YES\workspace\fhir-to-omop\src\main\java\org\nachc\tools\fhirtoomop\fhir\parser\bundle\BundleParser.java
C:\_YES\workspace\fhir-to-omop\src\main\java\org\nachc\tools\fhirtoomop\fhir\parser\bundle\IBundleParser.java
